
Memory Configuration

Name             Origin             Length             Attributes
*default*        0x0000000000000000 0xffffffffffffffff

Linker script and memory map

                0x0000000000000000                . = 0x0

.text           0x0000000000000000      0x1f4
 *(vector_start)
 *(.text .rodata)
 .text          0x0000000000000000       0xd4 build/Entry.os
                0x0000000000000000                vector_start
                0x000000000000003c                vector_end
 .text          0x00000000000000d4       0x50 build/Main.o
                0x00000000000000d4                main
 .text          0x0000000000000124        0x0 build/Regs.o
 .text          0x0000000000000124       0xd0 build/Uart.o
                0x0000000000000124                Hal_uart_init
                0x0000000000000198                Hal_uart_put_char

.glue_7         0x00000000000001f4        0x0
 .glue_7        0x00000000000001f4        0x0 linker stubs

.glue_7t        0x00000000000001f4        0x0
 .glue_7t       0x00000000000001f4        0x0 linker stubs

.vfp11_veneer   0x00000000000001f4        0x0
 .vfp11_veneer  0x00000000000001f4        0x0 linker stubs

.v4_bx          0x00000000000001f4        0x0
 .v4_bx         0x00000000000001f4        0x0 linker stubs

.iplt           0x00000000000001f4        0x0
 .iplt          0x00000000000001f4        0x0 build/Entry.os

.rel.dyn        0x00000000000001f4        0x0
 .rel.iplt      0x00000000000001f4        0x0 build/Entry.os

.data           0x00000000000001f4        0x4
 *(.data)
 .data          0x00000000000001f4        0x0 build/Entry.os
 .data          0x00000000000001f4        0x0 build/Main.o
 .data          0x00000000000001f4        0x4 build/Regs.o
                0x00000000000001f4                Uart
 .data          0x00000000000001f8        0x0 build/Uart.o

.igot.plt       0x00000000000001f8        0x0
 .igot.plt      0x00000000000001f8        0x0 build/Entry.os

.bss            0x00000000000001f8        0x0
 *(.bss)
 .bss           0x00000000000001f8        0x0 build/Entry.os
 .bss           0x00000000000001f8        0x0 build/Main.o
 .bss           0x00000000000001f8        0x0 build/Regs.o
 .bss           0x00000000000001f8        0x0 build/Uart.o
LOAD build/Entry.os
LOAD build/Main.o
LOAD build/Regs.o
LOAD build/Uart.o
OUTPUT(build/navilos.axf elf32-littlearm)

.ARM.attributes
                0x0000000000000000       0x33
 .ARM.attributes
                0x0000000000000000       0x25 build/Entry.os
 .ARM.attributes
                0x0000000000000025       0x37 build/Main.o
 .ARM.attributes
                0x000000000000005c       0x37 build/Regs.o
 .ARM.attributes
                0x0000000000000093       0x37 build/Uart.o

.comment        0x0000000000000000       0x38
 .comment       0x0000000000000000       0x38 build/Main.o
                                         0x39 (size before relaxing)
 .comment       0x0000000000000038       0x39 build/Regs.o
 .comment       0x0000000000000038       0x39 build/Uart.o

.debug_line     0x0000000000000000      0x1be
 .debug_line    0x0000000000000000       0x6d build/Entry.os
 .debug_line    0x000000000000006d       0x97 build/Main.o
 .debug_line    0x0000000000000104       0x4e build/Regs.o
 .debug_line    0x0000000000000152       0x6c build/Uart.o

.debug_info     0x0000000000000000     0x1636
 .debug_info    0x0000000000000000       0x46 build/Entry.os
 .debug_info    0x0000000000000046       0xb5 build/Main.o
 .debug_info    0x00000000000000fb      0xa7d build/Regs.o
 .debug_info    0x0000000000000b78      0xabe build/Uart.o

.debug_abbrev   0x0000000000000000      0x297
 .debug_abbrev  0x0000000000000000       0x14 build/Entry.os
 .debug_abbrev  0x0000000000000014       0x76 build/Main.o
 .debug_abbrev  0x000000000000008a       0xe4 build/Regs.o
 .debug_abbrev  0x000000000000016e      0x129 build/Uart.o

.debug_aranges  0x0000000000000000       0x78
 .debug_aranges
                0x0000000000000000       0x20 build/Entry.os
 .debug_aranges
                0x0000000000000020       0x20 build/Main.o
 .debug_aranges
                0x0000000000000040       0x18 build/Regs.o
 .debug_aranges
                0x0000000000000058       0x20 build/Uart.o

.debug_str      0x0000000000000000      0x417
 .debug_str     0x0000000000000000       0xd4 build/Main.o
                                        0x111 (size before relaxing)
 .debug_str     0x00000000000000d4      0x30b build/Regs.o
                                        0x3dd (size before relaxing)
 .debug_str     0x00000000000003df       0x38 build/Uart.o
                                        0x405 (size before relaxing)

.debug_frame    0x0000000000000000       0x9c
 .debug_frame   0x0000000000000000       0x4c build/Main.o
 .debug_frame   0x000000000000004c       0x50 build/Uart.o
